I'm sorry, but errors were detected in your script. Please correct the
errors listed below, and try again.


File "game/screens/fse_screen.rpy", line 44: u'pass' is not a keyword argument or valid child for the textbutton statement.
    pass
        ^

Ren'Py Version: Ren'Py 6.99.4.467
